http://www.bbc.co.uk/news/blogs-eu-30829005
http://www.bbc.co.uk/news/blogs-news-from-elsewhere-34379643
http://www.bbc.co.uk/news/blogs-news-from-elsewhere-34389661
http://www.bbc.co.uk/news/blogs-news-from-elsewhere-35233717
http://www.bbc.co.uk/news/blogs-news-from-elsewhere-35242079
http://www.bbc.co.uk/news/blogs-news-from-elsewhere-35243876
http://www.bbc.co.uk/news/blogs-news-from-elsewhere-35253717
http://www.bbc.co.uk/news/blogs-trending-35108339
http://www.bbc.co.uk/news/blogs-trending-35237317
http://www.bbc.co.uk/news/blogs-trending-35243482
http://www.bbc.co.uk/news/business-34037122
http://www.bbc.co.uk/news/business-35065762
http://www.bbc.co.uk/news/business-35079495
http://www.bbc.co.uk/news/business-35152037
http://www.bbc.co.uk/news/business-35191325
http://www.bbc.co.uk/news/business-35219127
http://www.bbc.co.uk/news/business-35219743
http://www.bbc.co.uk/news/business-35219745
http://www.bbc.co.uk/news/business-35219765
http://www.bbc.co.uk/news/business-35219846
http://www.bbc.co.uk/news/business-35220056
http://www.bbc.co.uk/news/business-35220063
http://www.bbc.co.uk/news/business-35240790
http://www.bbc.co.uk/news/business-35243442
http://www.bbc.co.uk/news/business-35245133
http://www.bbc.co.uk/news/business-35246867
http://www.bbc.co.uk/news/business-35248117
http://www.bbc.co.uk/news/business-35248628
http://www.bbc.co.uk/news/business-35248798
http://www.bbc.co.uk/news/business-35249344
http://www.bbc.co.uk/news/business-35249886
http://www.bbc.co.uk/news/business-35249887
http://www.bbc.co.uk/news/business-35249894
http://www.bbc.co.uk/news/business-35250182
http://www.bbc.co.uk/news/business-35252057
http://www.bbc.co.uk/news/education-35242876
http://www.bbc.co.uk/news/election-us-2016-35127873
http://www.bbc.co.uk/news/entertainment-arts-30194819
http://www.bbc.co.uk/news/entertainment-arts-33673593
http://www.bbc.co.uk/news/entertainment-arts-34503863
http://www.bbc.co.uk/news/entertainment-arts-35220712
http://www.bbc.co.uk/news/entertainment-arts-35241244
http://www.bbc.co.uk/news/explainers-34656711
http://www.bbc.co.uk/news/help-17655000
http://www.bbc.co.uk/news/in-pictures-35241040
http://www.bbc.co.uk/news/live/business-35206599
http://www.bbc.co.uk/news/live/entertainment-arts-35250222
http://www.bbc.co.uk/news/live/world-africa-35231582
http://www.bbc.co.uk/news/live/world-europe-30710777
http://www.bbc.co.uk/news/magazine-26567792
http://www.bbc.co.uk/news/magazine-29107792
http://www.bbc.co.uk/news/magazine-30529418
http://www.bbc.co.uk/news/magazine-31878803
http://www.bbc.co.uk/news/magazine-31907671
http://www.bbc.co.uk/news/magazine-32090423
http://www.bbc.co.uk/news/magazine-32119449
http://www.bbc.co.uk/news/magazine-32152670
http://www.bbc.co.uk/news/magazine-32166388
http://www.bbc.co.uk/news/magazine-32405555
http://www.bbc.co.uk/news/magazine-33659376
http://www.bbc.co.uk/news/magazine-34199866
http://www.bbc.co.uk/news/magazine-34444546
http://www.bbc.co.uk/news/magazine-34546317
http://www.bbc.co.uk/news/magazine-34751132
http://www.bbc.co.uk/news/magazine-35031313
http://www.bbc.co.uk/news/technology-34739453
http://www.bbc.co.uk/news/technology-35156021
http://www.bbc.co.uk/news/technology-35156023
http://www.bbc.co.uk/news/technology-35175269
http://www.bbc.co.uk/news/technology-35192737
http://www.bbc.co.uk/news/technology-35204679
http://www.bbc.co.uk/news/technology-35204680
http://www.bbc.co.uk/news/technology-35208710
http://www.bbc.co.uk/news/technology-35210019
http://www.bbc.co.uk/news/technology-35220930
http://www.bbc.co.uk/news/technology-35227669
http://www.bbc.co.uk/news/technology-35228630
http://www.bbc.co.uk/news/technology-35229548
http://www.bbc.co.uk/news/technology-35229820
http://www.bbc.co.uk/news/technology-35229821
http://www.bbc.co.uk/news/technology-35230043
http://www.bbc.co.uk/news/technology-35230069
http://www.bbc.co.uk/news/technology-35230245
http://www.bbc.co.uk/news/technology-35230481
http://www.bbc.co.uk/news/technology-35232824
http://www.bbc.co.uk/news/technology-35232827
http://www.bbc.co.uk/news/technology-35235316
http://www.bbc.co.uk/news/technology-35238636
http://www.bbc.co.uk/news/technology-35238639
http://www.bbc.co.uk/news/technology-35238645
http://www.bbc.co.uk/news/technology-35239546
http://www.bbc.co.uk/news/technology-35239586
http://www.bbc.co.uk/news/technology-35239814
http://www.bbc.co.uk/news/technology-35239815
http://www.bbc.co.uk/news/technology-35240062
http://www.bbc.co.uk/news/technology-35240227
http://www.bbc.co.uk/news/technology-35242810
http://www.bbc.co.uk/news/technology-35247309
http://www.bbc.co.uk/news/technology-35247318
http://www.bbc.co.uk/news/technology-35249030
http://www.bbc.co.uk/news/technology-35249215
http://www.bbc.co.uk/news/uk-scotland-scotland-business-35050364
http://www.bbc.co.uk/news/world-20929439
http://www.bbc.co.uk/news/world-35252153
http://www.bbc.co.uk/news/world-africa-13809501
http://www.bbc.co.uk/news/world-africa-16510922
http://www.bbc.co.uk/news/world-africa-16518350
http://www.bbc.co.uk/news/world-africa-18020349
http://www.bbc.co.uk/news/world-africa-18930368
http://www.bbc.co.uk/news/world-africa-24472322
http://www.bbc.co.uk/news/world-africa-27048076
http://www.bbc.co.uk/news/world-africa-27111884
http://www.bbc.co.uk/news/world-africa-27492354
http://www.bbc.co.uk/news/world-africa-27658382
http://www.bbc.co.uk/news/world-africa-27715992
http://www.bbc.co.uk/news/world-africa-29762252
http://www.bbc.co.uk/news/world-africa-30602386
http://www.bbc.co.uk/news/world-africa-30794829
http://www.bbc.co.uk/news/world-africa-30913458
http://www.bbc.co.uk/news/world-africa-31011493
http://www.bbc.co.uk/news/world-africa-31101351
http://www.bbc.co.uk/news/world-africa-31518698
http://www.bbc.co.uk/news/world-africa-31533391
http://www.bbc.co.uk/news/world-africa-32625811
http://www.bbc.co.uk/news/world-africa-33052423
http://www.bbc.co.uk/news/world-africa-34126346
http://www.bbc.co.uk/news/world-africa-34412956
http://www.bbc.co.uk/news/world-africa-35093777
http://www.bbc.co.uk/news/world-africa-35241610
http://www.bbc.co.uk/news/world-africa-35248594
http://www.bbc.co.uk/news/world-africa-35249860
http://www.bbc.co.uk/news/world-africa-35252033
http://www.bbc.co.uk/news/world-asia-17399847
http://www.bbc.co.uk/news/world-asia-17823706
http://www.bbc.co.uk/news/world-asia-21710644
http://www.bbc.co.uk/news/world-asia-25709833
http://www.bbc.co.uk/news/world-asia-26781682
http://www.bbc.co.uk/news/world-asia-27332723
http://www.bbc.co.uk/news/world-asia-27362939
http://www.bbc.co.uk/news/world-asia-27403851
http://www.bbc.co.uk/news/world-asia-27420008
http://www.bbc.co.uk/news/world-asia-29609606
http://www.bbc.co.uk/news/world-asia-32126840
http://www.bbc.co.uk/news/world-asia-32331964
http://www.bbc.co.uk/news/world-asia-32671101
http://www.bbc.co.uk/news/world-asia-34254634
http://www.bbc.co.uk/news/world-asia-34411477
http://www.bbc.co.uk/news/world-asia-35060035
http://www.bbc.co.uk/news/world-asia-35097054
http://www.bbc.co.uk/news/world-asia-35216579
http://www.bbc.co.uk/news/world-asia-35239350
http://www.bbc.co.uk/news/world-asia-35240012
http://www.bbc.co.uk/news/world-asia-35240193
http://www.bbc.co.uk/news/world-asia-35240509
http://www.bbc.co.uk/news/world-asia-35240585
http://www.bbc.co.uk/news/world-asia-35240864
http://www.bbc.co.uk/news/world-asia-35240935
http://www.bbc.co.uk/news/world-asia-35241686
http://www.bbc.co.uk/news/world-asia-35244474
http://www.bbc.co.uk/news/world-asia-35244869
http://www.bbc.co.uk/news/world-asia-35248928
http://www.bbc.co.uk/news/world-asia-35249620
http://www.bbc.co.uk/news/world-asia-china-27420542
http://www.bbc.co.uk/news/world-asia-china-32234448
http://www.bbc.co.uk/news/world-asia-china-35249092
http://www.bbc.co.uk/news/world-asia-india-35195480
http://www.bbc.co.uk/news/world-asia-pacific-11388628
http://www.bbc.co.uk/news/world-asia-pacific-11811861
http://www.bbc.co.uk/news/world-asia-pacific-11813699
http://www.bbc.co.uk/news/world-asia-pacific-13664408
http://www.bbc.co.uk/news/world-asia-pacific-13748349
http://www.bbc.co.uk/news/world-asia-pacific-15256929
http://www.bbc.co.uk/news/world-australia-30706391
http://www.bbc.co.uk/news/world-australia-33456784
http://www.bbc.co.uk/news/world-australia-34421140
http://www.bbc.co.uk/news/world-australia-34421181
http://www.bbc.co.uk/news/world-australia-35203730
http://www.bbc.co.uk/news/world-australia-35248380
http://www.bbc.co.uk/news/world-europe-12128728
http://www.bbc.co.uk/news/world-europe-15551998
http://www.bbc.co.uk/news/world-europe-15555022
http://www.bbc.co.uk/news/world-europe-16453975
http://www.bbc.co.uk/news/world-europe-17456541
http://www.bbc.co.uk/news/world-europe-30708237
http://www.bbc.co.uk/news/world-europe-30710545
http://www.bbc.co.uk/news/world-europe-30716504
http://www.bbc.co.uk/news/world-europe-30720706
http://www.bbc.co.uk/news/world-europe-30722038
http://www.bbc.co.uk/news/world-europe-30724678
http://www.bbc.co.uk/news/world-europe-30751424
http://www.bbc.co.uk/news/world-europe-34474362
http://www.bbc.co.uk/news/world-europe-34504236
http://www.bbc.co.uk/news/world-europe-34561531
http://www.bbc.co.uk/news/world-europe-34925823
http://www.bbc.co.uk/news/world-europe-35220633
http://www.bbc.co.uk/news/world-europe-35231572
http://www.bbc.co.uk/news/world-europe-35237173
http://www.bbc.co.uk/news/world-europe-35239347
http://www.bbc.co.uk/news/world-europe-35239377
http://www.bbc.co.uk/news/world-europe-35241808
http://www.bbc.co.uk/news/world-europe-35241818
http://www.bbc.co.uk/news/world-europe-35246763
http://www.bbc.co.uk/news/world-europe-35248601
http://www.bbc.co.uk/news/world-europe-35248765
http://www.bbc.co.uk/news/world-europe-35248931
http://www.bbc.co.uk/news/world-europe-35249606
http://www.bbc.co.uk/news/world-europe-35250344
http://www.bbc.co.uk/news/world-europe-35250903
http://www.bbc.co.uk/news/world-latin-america-10681249
http://www.bbc.co.uk/news/world-latin-america-10877681
http://www.bbc.co.uk/news/world-latin-america-11054730
http://www.bbc.co.uk/news/world-latin-america-11134727
http://www.bbc.co.uk/news/world-latin-america-11136601
http://www.bbc.co.uk/news/world-latin-america-35251117
http://www.bbc.co.uk/news/world-middle-east-12481614
http://www.bbc.co.uk/news/world-middle-east-12791738
http://www.bbc.co.uk/news/world-middle-east-12868398
http://www.bbc.co.uk/news/world-middle-east-13200827
http://www.bbc.co.uk/news/world-middle-east-13216195
http://www.bbc.co.uk/news/world-middle-east-14704899
http://www.bbc.co.uk/news/world-middle-east-14704951
http://www.bbc.co.uk/news/world-middle-east-15239529
http://www.bbc.co.uk/news/world-middle-east-15563900
http://www.bbc.co.uk/news/world-middle-east-16047709
http://www.bbc.co.uk/news/world-middle-east-17258397
http://www.bbc.co.uk/news/world-middle-east-18048033
http://www.bbc.co.uk/news/world-middle-east-19744533
http://www.bbc.co.uk/news/world-middle-east-22798391
http://www.bbc.co.uk/news/world-middle-east-23849587
http://www.bbc.co.uk/news/world-middle-east-24179084
http://www.bbc.co.uk/news/world-middle-east-24403003
http://www.bbc.co.uk/news/world-middle-east-26116868
http://www.bbc.co.uk/news/world-middle-east-27994277
http://www.bbc.co.uk/news/world-middle-east-29052144
http://www.bbc.co.uk/news/world-middle-east-29128570
http://www.bbc.co.uk/news/world-middle-east-29319423
http://www.bbc.co.uk/news/world-middle-east-29627766
http://www.bbc.co.uk/news/world-middle-east-29807374
http://www.bbc.co.uk/news/world-middle-east-29902405
http://www.bbc.co.uk/news/world-middle-east-29999157
http://www.bbc.co.uk/news/world-middle-east-30699657
http://www.bbc.co.uk/news/world-middle-east-30937495
http://www.bbc.co.uk/news/world-middle-east-30941514
http://www.bbc.co.uk/news/world-middle-east-31146528
http://www.bbc.co.uk/news/world-middle-east-31611241
http://www.bbc.co.uk/news/world-middle-east-31645145
http://www.bbc.co.uk/news/world-middle-east-31987373
http://www.bbc.co.uk/news/world-middle-east-31998682
http://www.bbc.co.uk/news/world-middle-east-32044059
http://www.bbc.co.uk/news/world-middle-east-32057601
http://www.bbc.co.uk/news/world-middle-east-32091835
http://www.bbc.co.uk/news/world-middle-east-32178058
http://www.bbc.co.uk/news/world-middle-east-32540436
http://www.bbc.co.uk/news/world-middle-east-32547700
http://www.bbc.co.uk/news/world-middle-east-33519808
http://www.bbc.co.uk/news/world-middle-east-34011187
http://www.bbc.co.uk/news/world-middle-east-34056543
http://www.bbc.co.uk/news/world-middle-east-34173139
http://www.bbc.co.uk/news/world-middle-east-34211979
http://www.bbc.co.uk/news/world-middle-east-34371501
http://www.bbc.co.uk/news/world-middle-east-34372745
http://www.bbc.co.uk/news/world-middle-east-34384786
http://www.bbc.co.uk/news/world-middle-east-34403889
http://www.bbc.co.uk/news/world-middle-east-34408540
http://www.bbc.co.uk/news/world-middle-east-34416519
http://www.bbc.co.uk/news/world-middle-east-34418748
http://www.bbc.co.uk/news/world-middle-east-34418752
http://www.bbc.co.uk/news/world-middle-east-34418849
http://www.bbc.co.uk/news/world-middle-east-34423216
http://www.bbc.co.uk/news/world-middle-east-34572756
http://www.bbc.co.uk/news/world-middle-east-34710635
http://www.bbc.co.uk/news/world-middle-east-34763647
http://www.bbc.co.uk/news/world-middle-east-34912581
http://www.bbc.co.uk/news/world-middle-east-34914375
http://www.bbc.co.uk/news/world-middle-east-34975978
http://www.bbc.co.uk/news/world-middle-east-35099318
http://www.bbc.co.uk/news/world-middle-east-35160532
http://www.bbc.co.uk/news/world-middle-east-35214413
http://www.bbc.co.uk/news/world-middle-east-35214536
http://www.bbc.co.uk/news/world-middle-east-35216658
http://www.bbc.co.uk/news/world-middle-east-35219282
http://www.bbc.co.uk/news/world-middle-east-35219693
http://www.bbc.co.uk/news/world-middle-east-35221569
http://www.bbc.co.uk/news/world-middle-east-35229325
http://www.bbc.co.uk/news/world-middle-east-35230977
http://www.bbc.co.uk/news/world-middle-east-35239418
http://www.bbc.co.uk/news/world-middle-east-35241396
http://www.bbc.co.uk/news/world-middle-east-35244864
http://www.bbc.co.uk/news/world-middle-east-35246777
http://www.bbc.co.uk/news/world-middle-east-35249191
http://www.bbc.co.uk/news/world-middle-east-35250772
http://www.bbc.co.uk/news/world-middle-east-35251258
http://www.bbc.co.uk/news/world-middle-east-35251917
http://www.bbc.co.uk/news/world-us-canada-20874451
http://www.bbc.co.uk/news/world-us-canada-31025554
http://www.bbc.co.uk/news/world-us-canada-31120958
http://www.bbc.co.uk/news/world-us-canada-33104822
http://www.bbc.co.uk/news/world-us-canada-33619252
http://www.bbc.co.uk/news/world-us-canada-34260966
http://www.bbc.co.uk/news/world-us-canada-34405983
http://www.bbc.co.uk/news/world-us-canada-34530649
http://www.bbc.co.uk/news/world-us-canada-34532136
http://www.bbc.co.uk/news/world-us-canada-34641563
http://www.bbc.co.uk/news/world-us-canada-34650710
http://www.bbc.co.uk/news/world-us-canada-34683766
http://www.bbc.co.uk/news/world-us-canada-34713849
http://www.bbc.co.uk/news/world-us-canada-34789502
http://www.bbc.co.uk/news/world-us-canada-34824987
http://www.bbc.co.uk/news/world-us-canada-34903577
http://www.bbc.co.uk/news/world-us-canada-35033747
http://www.bbc.co.uk/news/world-us-canada-35047233
http://www.bbc.co.uk/news/world-us-canada-35066940
http://www.bbc.co.uk/news/world-us-canada-35098636
http://www.bbc.co.uk/news/world-us-canada-35201511
http://www.bbc.co.uk/news/world-us-canada-35206710
http://www.bbc.co.uk/news/world-us-canada-35227399
http://www.bbc.co.uk/news/world-us-canada-35246044
http://www.bbc.co.uk/news/world-us-canada-35246570
http://www.bbc.co.uk/news/world-us-canada-35248140
http://www.bbc.co.uk/news/world-us-canada-35249107
